\BOOKMARK [0][-]{chapter.1}{\376\377\000M\000a\000r\000c\000o\000\040\000R\000e\000f\000e\000r\000e\000n\000c\000i\000a\000l}{}% 1
\BOOKMARK [1][-]{section.1.1}{\376\377\000I\000n\000t\000r\000o\000d\000u\000c\000c\000i\000\363\000n}{chapter.1}% 2
\BOOKMARK [1][-]{section.1.2}{\376\377\000A\000n\000t\000e\000c\000e\000d\000e\000n\000t\000e\000s}{chapter.1}% 3
\BOOKMARK [2][-]{subsection.1.2.1}{\376\377\000A\000n\000t\000e\000c\000e\000d\000e\000n\000t\000e\000s\000\040\000d\000e\000l\000\040\000o\000b\000j\000e\000t\000o\000\040\000d\000e\000\040\000e\000s\000t\000u\000d\000i\000o}{section.1.2}% 4
\BOOKMARK [2][-]{subsection.1.2.2}{\376\377\000R\000e\000f\000e\000r\000e\000n\000c\000i\000a\000s\000\040\000t\000\351\000c\000n\000i\000c\000a\000s\000\040\000d\000e\000\040\000o\000t\000r\000o\000s\000\040\000t\000r\000a\000b\000a\000j\000o\000s}{section.1.2}% 5
\BOOKMARK [2][-]{subsection.1.2.3}{\376\377\000D\000e\000s\000c\000r\000i\000p\000c\000i\000\363\000n\000\040\000d\000e\000l\000\040\000c\000o\000n\000t\000e\000x\000t\000o}{section.1.2}% 6
\BOOKMARK [1][-]{section.1.3}{\376\377\000D\000e\000s\000c\000r\000i\000p\000c\000i\000\363\000n\000\040\000d\000e\000l\000\040\000o\000b\000j\000e\000t\000o\000\040\000d\000e\000\040\000e\000s\000t\000u\000d\000i\000o}{chapter.1}% 7
\BOOKMARK [1][-]{section.1.4}{\376\377\000I\000d\000e\000n\000t\000i\000f\000i\000c\000a\000c\000i\000\363\000n\000\040\000d\000e\000l\000\040\000P\000r\000o\000b\000l\000e\000m\000a}{chapter.1}% 8
\BOOKMARK [1][-]{section.1.5}{\376\377\000F\000o\000r\000m\000u\000l\000a\000c\000i\000\363\000n\000\040\000d\000e\000l\000\040\000P\000r\000o\000b\000l\000e\000m\000a}{chapter.1}% 9
\BOOKMARK [1][-]{section.1.6}{\376\377\000O\000b\000j\000e\000t\000i\000v\000o\000s}{chapter.1}% 10
\BOOKMARK [2][-]{subsection.1.6.1}{\376\377\000O\000b\000j\000e\000t\000i\000v\000o\000\040\000G\000e\000n\000e\000r\000a\000l}{section.1.6}% 11
\BOOKMARK [2][-]{subsection.1.6.2}{\376\377\000O\000b\000j\000e\000t\000i\000v\000o\000s\000\040\000E\000s\000p\000e\000c\000\355\000f\000i\000c\000o\000s}{section.1.6}% 12
\BOOKMARK [1][-]{section.1.7}{\376\377\000J\000u\000s\000t\000i\000f\000i\000c\000a\000c\000i\000o\000n\000e\000s}{chapter.1}% 13
\BOOKMARK [2][-]{subsection.1.7.1}{\376\377\000J\000u\000s\000t\000i\000f\000i\000c\000a\000c\000i\000\363\000n\000\040\000t\000\351\000c\000n\000i\000c\000a}{section.1.7}% 14
\BOOKMARK [2][-]{subsection.1.7.2}{\376\377\000J\000u\000s\000t\000i\000f\000i\000c\000a\000c\000i\000\363\000n\000\040\000s\000o\000c\000i\000a\000l}{section.1.7}% 15
\BOOKMARK [2][-]{subsection.1.7.3}{\376\377\000J\000u\000s\000t\000i\000f\000i\000c\000a\000c\000i\000\363\000n\000\040\000e\000c\000o\000n\000\363\000m\000i\000c\000a}{section.1.7}% 16
\BOOKMARK [1][-]{section.1.8}{\376\377\000L\000\355\000m\000i\000t\000e\000s\000\040\000y\000\040\000A\000l\000c\000a\000n\000c\000e\000s}{chapter.1}% 17
\BOOKMARK [2][-]{subsection.1.8.1}{\376\377\000L\000\355\000m\000i\000t\000e\000s}{section.1.8}% 18
\BOOKMARK [2][-]{subsection.1.8.2}{\376\377\000A\000l\000c\000a\000n\000c\000e\000s}{section.1.8}% 19
\BOOKMARK [1][-]{section.1.9}{\376\377\000M\000e\000t\000o\000d\000o\000l\000o\000g\000\355\000a\000\040\000d\000e\000\040\000l\000a\000\040\000i\000n\000v\000e\000s\000t\000i\000g\000a\000c\000i\000\363\000n}{chapter.1}% 20
\BOOKMARK [2][-]{subsection.1.9.1}{\376\377\000T\000i\000p\000o\000\040\000d\000e\000\040\000e\000s\000t\000u\000d\000i\000o}{section.1.9}% 21
\BOOKMARK [2][-]{subsection.1.9.2}{\376\377\000M\000\351\000t\000o\000d\000o\000s}{section.1.9}% 22
\BOOKMARK [2][-]{subsection.1.9.3}{\376\377\000T\000\351\000c\000n\000i\000c\000a\000s}{section.1.9}% 23
\BOOKMARK [1][-]{section.1.10}{\376\377\000A\000n\000\341\000l\000i\000s\000i\000s\000\040\000p\000r\000e\000l\000i\000m\000i\000n\000a\000r}{chapter.1}% 24
\BOOKMARK [1][-]{section.1.11}{\376\377\000P\000r\000o\000p\000u\000e\000s\000t\000a\000\040\000d\000e\000\040\000s\000o\000l\000u\000c\000i\000\363\000n}{chapter.1}% 25
\BOOKMARK [1][-]{section.1.12}{\376\377\000M\000o\000d\000e\000l\000o\000s\000\040\000y\000\040\000h\000e\000r\000r\000a\000m\000i\000e\000n\000t\000a\000s\000\040\000a\000\040\000u\000t\000i\000l\000i\000z\000a\000r}{chapter.1}% 26
\BOOKMARK [1][-]{section.1.13}{\376\377\000C\000r\000o\000n\000o\000g\000r\000a\000m\000a}{chapter.1}% 27
\BOOKMARK [0][-]{chapter.2}{\376\377\000M\000a\000r\000c\000o\000\040\000T\000e\000\363\000r\000i\000c\000o}{}% 28
\BOOKMARK [1][-]{section.2.1}{\376\377\000M\000e\000t\000o\000d\000o\000l\000o\000g\000\355\000a\000\040\000d\000e\000\040\000a\000n\000\341\000l\000i\000s\000i\000s\000\040\000y\000\040\000d\000i\000s\000e\000\361\000o}{chapter.2}% 29
\BOOKMARK [1][-]{section.2.2}{\376\377\000M\000e\000t\000o\000d\000o\000l\000o\000g\000\355\000a\000\040\000d\000e\000\040\000d\000e\000s\000a\000r\000r\000o\000l\000l\000o}{chapter.2}% 30
\BOOKMARK [1][-]{section.2.3}{\376\377\000F\000u\000n\000d\000a\000m\000e\000n\000t\000o\000s\000\040\000d\000e\000\040\000I\000n\000t\000e\000l\000i\000g\000e\000n\000c\000i\000a\000\040\000A\000r\000t\000i\000f\000i\000c\000i\000a\000l}{chapter.2}% 31
\BOOKMARK [2][-]{subsection.2.3.1}{\376\377\000M\000o\000d\000e\000l\000o\000s\000\040\000d\000e\000\040\000L\000e\000n\000g\000u\000a\000j\000e\000\040\000d\000e\000\040\000G\000r\000a\000n\000\040\000E\000s\000c\000a\000l\000a\000\040\000\050\000L\000L\000M\000\051}{section.2.3}% 32
\BOOKMARK [2][-]{subsection.2.3.2}{\376\377\000A\000l\000u\000c\000i\000n\000a\000c\000i\000\363\000n\000\040\000A\000r\000t\000i\000f\000i\000c\000i\000a\000l}{section.2.3}% 33
\BOOKMARK [2][-]{subsection.2.3.3}{\376\377\000G\000e\000n\000e\000r\000a\000c\000i\000\363\000n\000\040\000A\000u\000m\000e\000n\000t\000a\000d\000a\000\040\000p\000o\000r\000\040\000R\000e\000c\000u\000p\000e\000r\000a\000c\000i\000\363\000n\000\040\000\050\000R\000A\000G\000\051}{section.2.3}% 34
\BOOKMARK [2][-]{subsection.2.3.4}{\376\377\000G\000r\000a\000p\000h\000\040\000R\000A\000G\000:\000\040\000R\000e\000c\000u\000p\000e\000r\000a\000c\000i\000\363\000n\000\040\000A\000u\000m\000e\000n\000t\000a\000d\000a\000\040\000s\000o\000b\000r\000e\000\040\000G\000r\000a\000f\000o}{section.2.3}% 35
\BOOKMARK [2][-]{subsection.2.3.5}{\376\377\000E\000m\000b\000e\000d\000d\000i\000n\000g\000s\000\040\000S\000e\000m\000\341\000n\000t\000i\000c\000o\000s\000\040\000y\000\040\000B\000a\000s\000e\000s\000\040\000d\000e\000\040\000D\000a\000t\000o\000s\000\040\000V\000e\000c\000t\000o\000r\000i\000a\000l\000e\000s}{section.2.3}% 36
\BOOKMARK [2][-]{subsection.2.3.6}{\376\377\000B\000a\000s\000e\000s\000\040\000d\000e\000\040\000D\000a\000t\000o\000s\000\040\000d\000e\000\040\000G\000r\000a\000f\000o\000s\000:\000\040\000N\000e\000o\0004\000j}{section.2.3}% 37
\BOOKMARK [2][-]{subsection.2.3.7}{\376\377\000L\000a\000n\000g\000G\000r\000a\000p\000h\000\040\000y\000\040\000A\000g\000e\000n\000t\000e\000s\000\040\000d\000e\000\040\000M\000\372\000l\000t\000i\000p\000l\000e\000s\000\040\000E\000s\000t\000a\000d\000o\000s}{section.2.3}% 38
\BOOKMARK [2][-]{subsection.2.3.8}{\376\377\000P\000r\000o\000c\000e\000s\000o\000\040\000E\000T\000L\000\040\000y\000\040\000W\000e\000b\000\040\000S\000c\000r\000a\000p\000i\000n\000g}{section.2.3}% 39
\BOOKMARK [1][-]{section.2.4}{\376\377\000F\000u\000n\000d\000a\000m\000e\000n\000t\000o\000s\000\040\000J\000u\000r\000\355\000d\000i\000c\000o\000s}{chapter.2}% 40
\BOOKMARK [2][-]{subsection.2.4.1}{\376\377\000L\000e\000g\000a\000l\000T\000e\000c\000h\000\040\000y\000\040\000A\000c\000c\000e\000s\000o\000\040\000a\000\040\000l\000a\000\040\000J\000u\000s\000t\000i\000c\000i\000a}{section.2.4}% 41
\BOOKMARK [2][-]{subsection.2.4.2}{\376\377\000M\000a\000r\000c\000o\000\040\000N\000o\000r\000m\000a\000t\000i\000v\000o\000\040\000B\000o\000l\000i\000v\000i\000a\000n\000o}{section.2.4}% 42
\BOOKMARK [1][-]{section.2.5}{\376\377\000T\000e\000c\000n\000o\000l\000o\000g\000\355\000a\000s\000\040\000d\000e\000\040\000S\000o\000p\000o\000r\000t\000e}{chapter.2}% 43
\BOOKMARK [2][-]{subsection.2.5.1}{\376\377\000F\000a\000s\000t\000A\000P\000I}{section.2.5}% 44
\BOOKMARK [2][-]{subsection.2.5.2}{\376\377\000N\000e\000x\000t\000.\000j\000s\000\040\0001\0004}{section.2.5}% 45
\BOOKMARK [2][-]{subsection.2.5.3}{\376\377\000D\000o\000c\000k\000e\000r\000\040\000y\000\040\000C\000o\000n\000t\000e\000n\000e\000d\000o\000r\000i\000z\000a\000c\000i\000\363\000n}{section.2.5}% 46
\BOOKMARK [2][-]{subsection.2.5.4}{\376\377\000I\000n\000f\000r\000a\000e\000s\000t\000r\000u\000c\000t\000u\000r\000a\000\040\000e\000n\000\040\000l\000a\000\040\000N\000u\000b\000e}{section.2.5}% 47
\BOOKMARK [0][-]{chapter.3}{\376\377\000M\000a\000r\000c\000o\000\040\000P\000r\000\341\000c\000t\000i\000c\000o}{}% 48
\BOOKMARK [1][-]{section.3.1}{\376\377\000A\000n\000\341\000l\000i\000s\000i\000s\000\040\000p\000r\000e\000l\000i\000m\000i\000n\000a\000r}{chapter.3}% 49
\BOOKMARK [1][-]{section.3.2}{\376\377\000D\000e\000t\000e\000r\000m\000i\000n\000a\000c\000i\000\363\000n\000\040\000d\000e\000\040\000r\000e\000q\000u\000e\000r\000i\000m\000i\000e\000n\000t\000o\000s}{chapter.3}% 50
\BOOKMARK [2][-]{subsection.3.2.1}{\376\377\000R\000e\000q\000u\000e\000r\000i\000m\000i\000e\000n\000t\000o\000s\000\040\000f\000u\000n\000c\000i\000o\000n\000a\000l\000e\000s}{section.3.2}% 51
\BOOKMARK [2][-]{subsection.3.2.2}{\376\377\000R\000e\000q\000u\000e\000r\000i\000m\000i\000e\000n\000t\000o\000s\000\040\000n\000o\000\040\000f\000u\000n\000c\000i\000o\000n\000a\000l\000e\000s}{section.3.2}% 52
\BOOKMARK [1][-]{section.3.3}{\376\377\000A\000n\000\341\000l\000i\000s\000i\000s\000\040\000d\000e\000l\000\040\000p\000r\000o\000y\000e\000c\000t\000o}{chapter.3}% 53
\BOOKMARK [2][-]{subsection.3.3.1}{\376\377\000D\000i\000s\000e\000\361\000o\000\040\000U\000M\000L}{section.3.3}% 54
\BOOKMARK [1][-]{section.3.4}{\376\377\000D\000i\000s\000e\000\361\000o\000\040\000d\000e\000l\000\040\000p\000r\000o\000y\000e\000c\000t\000o}{chapter.3}% 55
\BOOKMARK [2][-]{subsection.3.4.1}{\376\377\000A\000r\000q\000u\000i\000t\000e\000c\000t\000u\000r\000a\000\040\000d\000e\000\040\000S\000o\000f\000t\000w\000a\000r\000e\000\040\000\050\000M\000o\000d\000e\000l\000o\000\040\000C\0004\000\051}{section.3.4}% 56
\BOOKMARK [2][-]{subsection.3.4.2}{\376\377\000D\000i\000s\000e\000\361\000o\000\040\000d\000e\000\040\000E\000x\000p\000e\000r\000i\000e\000n\000c\000i\000a\000\040\000y\000\040\000P\000r\000o\000t\000o\000t\000i\000p\000a\000d\000o\000\040\000\050\000U\000X\000/\000U\000I\000\051}{section.3.4}% 57
\BOOKMARK [1][-]{section.3.5}{\376\377\000B\000a\000s\000e\000\040\000d\000e\000\040\000d\000a\000t\000o\000s}{chapter.3}% 58
\BOOKMARK [1][-]{section.3.6}{\376\377\000V\000a\000l\000i\000d\000a\000c\000i\000\363\000n\000\040\000y\000\040\000p\000r\000u\000e\000b\000a\000s\000\040\000d\000e\000l\000\040\000s\000i\000s\000t\000e\000m\000a}{chapter.3}% 59
\BOOKMARK [1][-]{section.3.7}{\376\377\000A\000n\000\341\000l\000i\000s\000i\000s\000\040\000d\000e\000\040\000c\000o\000s\000t\000o\000s}{chapter.3}% 60
\BOOKMARK [1][-]{section.3.8}{\376\377\000D\000e\000s\000a\000r\000r\000o\000l\000l\000o\000\040\000d\000e\000l\000\040\000P\000r\000o\000t\000o\000t\000i\000p\000o}{chapter.3}% 61
\BOOKMARK [0][-]{chapter.4}{\376\377\000C\000o\000n\000c\000l\000u\000s\000i\000o\000n\000e\000s\000\040\000y\000\040\000R\000e\000c\000o\000m\000e\000n\000d\000a\000c\000i\000o\000n\000e\000s}{}% 62
\BOOKMARK [1][-]{section.4.1}{\376\377\000C\000o\000n\000c\000l\000u\000s\000i\000o\000n\000e\000s}{chapter.4}% 63
\BOOKMARK [1][-]{section.4.2}{\376\377\000R\000e\000c\000o\000m\000e\000n\000d\000a\000c\000i\000o\000n\000e\000s}{chapter.4}% 64
\BOOKMARK [0][-]{chapter*.44}{\376\377\000R\000e\000f\000e\000r\000e\000n\000c\000i\000a\000s\000\040\000B\000i\000b\000l\000i\000o\000g\000r\000\341\000f\000i\000c\000a\000s}{}% 65
